pipenv : Loading .env environment variables...
At line:1 char:1
+ pipenv run pytest tests/ > test_failures.txt 2>&1
+ ~~~~~~~~~~~~~~~~~~~~~~~~~~~~~~~~~~~~~~~~~~~~~~~~~
    + CategoryInfo          : NotSpecified: (Loading .env environment variables...:String) [], RemoteException
    + FullyQualifiedErrorId : NativeCommandError
 
============================= test session starts =============================
platform win32 -- Python 3.12.2, pytest-9.0.3, pluggy-1.6.0
rootdir: D:\Coding\Antigravity\scoresheetbot\scoresheetbot
collected 80 items

tests\test_battle.py .........F....F..F....FF..F                         [ 33%]
tests\test_cache.py ....                                                 [ 38%]
tests\test_character.py .                                                [ 40%]
tests\test_crew.py ...                                                   [ 43%]
tests\test_helpers.py .F......F.........                             [ 66%]
tests\test_mocks.py F.F..........FF.F..........                        [100%]

================================== FAILURES ===================================
________________________ BattleTimerTest.test_1_minute ________________________
C:\Users\Owner\.virtualenvs\scoresheetbot-QhaK6dOh\Lib\site-packages\freezegun\api.py:950: in wrapper
    with self as time_factory:
C:\Users\Owner\.virtualenvs\scoresheetbot-QhaK6dOh\Lib\site-packages\freezegun\api.py:738: in __enter__
    return self.start()
           ^^^^^^^^^^^^
C:\Users\Owner\.virtualenvs\scoresheetbot-QhaK6dOh\Lib\site-packages\freezegun\api.py:827: in start
    module_attrs = _get_cached_module_attributes(module)
                   ^^^^^^^^^^^^^^^^^^^^^^^^^^^^^^^^^^^^^
C:\Users\Owner\.virtualenvs\scoresheetbot-QhaK6dOh\Lib\site-packages\freezegun\api.py:144: in _get_cached_module_attributes
    _setup_module_cache(module)
C:\Users\Owner\.virtualenvs\scoresheetbot-QhaK6dOh\Lib\site-packages\freezegun\api.py:123: in _setup_module_cache
    all_module_attributes = _get_module_attributes(module)
                            ^^^^^^^^^^^^^^^^^^^^^^^^^^^^^^
C:\Users\Owner\.virtualenvs\scoresheetbot-QhaK6dOh\Lib\site-packages\freezegun\api.py:112: in _get_module_attributes
    attribute_value = getattr(module, attribute_name)
                      ^^^^^^^^^^^^^^^^^^^^^^^^^^^^^^^
C:\Users\Owner\.virtualenvs\scoresheetbot-QhaK6dOh\Lib\site-packages\numpy\__init__.py:752: in __getattr__
    import numpy.f2py as f2py
C:\Users\Owner\.virtualenvs\scoresheetbot-QhaK6dOh\Lib\site-packages\numpy\f2py\__init__.py:19: in <module>
    from . import diagnose, f2py2e
C:\Users\Owner\.virtualenvs\scoresheetbot-QhaK6dOh\Lib\site-packages\numpy\f2py\f2py2e.py:21: in <module>
    from . import (
C:\Users\Owner\.virtualenvs\scoresheetbot-QhaK6dOh\Lib\site-packages\numpy\f2py\rules.py:167: in <module>
    * Generation date: """ + time.asctime(time.gmtime(generationtime)) + """
                                          ^^^^^^^^^^^^^^^^^^^^^^^^^^^
_ _ _ _ _ _ _ _ _ _ _ _ _ _ _ _ _ _ _ _ _ _ _ _ _ _ _ _ _ _ _ _ _ _ _ _ _ _ _ _

t = -62118953637

    def fake_gmtime(t: Optional[float]=None) -> time.struct_time:
        if t is not None:
>           return real_gmtime(t)
                   ^^^^^^^^^^^^^^
E           OSError: [Errno 22] Invalid argument

C:\Users\Owner\.virtualenvs\scoresheetbot-QhaK6dOh\Lib\site-packages\freezegun\api.py:212: OSError
_____________________ BattleInternalTest.test_battle_mvps _____________________

self = <test_battle.BattleInternalTest testMethod=test_battle_mvps>

    def test_battle_mvps(self):
        battle2 = Battle(TEAM1_NAME, TEAM2_NAME, 1)
        battle2.add_player(team_name=TEAM1_NAME, player_name=PLAYER1_NAME, leader=PLAYER1_NAME)
        battle2.add_player(team_name=TEAM2_NAME, player_name=Players[1].name, leader=PLAYER2_NAME)
        battle2.finish_match(3, 0, Chars[1], Chars[2])
>       battle2.add_player(team_name=TEAM2_NAME, player_name=Players[2].name, leader=PLAYER2_NAME)

tests\test_battle.py:202: 
_ _ _ _ _ _ _ _ _ _ _ _ _ _ _ _ _ _ _ _ _ _ _ _ _ _ _ _ _ _ _ _ _ _ _ _ _ _ _ _
src\battle.py:303: in add_player
    team.check_resend(player_id)
_ _ _ _ _ _ _ _ _ _ _ _ _ _ _ _ _ _ _ _ _ _ _ _ _ _ _ _ _ _ _ _ _ _ _ _ _ _ _ _

self = Team(name='Team 2', num_players=1, stocks=0, players=[Player(name='Player 1', team_name='Team 2', taken=0, left=0, cha...0>, id=0)], leader={'Player 2'}, current_player=None, ext_used=False, replaced=set(), difficulty=<Difficulty.UNSET: 4>)
player_id = 0

    def check_resend(self, player_id: id):
        if len(self.players) >= 4:
            return
        for player in self.players:
            if player_id == player.id and player.name not in self.replaced:
>               raise StateError(None,
                                 f'{self.name} has only played {len(self.players)} unique players and must send '
                                 f' at least 4 unique players before resending someone.')
E               src.battle.StateError: (None, 'Team 2 has only played 1 unique players and must send  at least 4 unique players before resending someone.')

src\battle.py:99: StateError
_____________________ BattleInternalTest.test_double_undo _____________________

self = <test_battle.BattleInternalTest testMethod=test_double_undo>

    def test_double_undo(self):
        self.battle.finish_match(3, 0, Chars[0], Chars[1])
>       self.battle.add_player(team_name=TEAM2_NAME, player_name=Players[2].name, leader=PLAYER2_NAME)

tests\test_battle.py:169: 
_ _ _ _ _ _ _ _ _ _ _ _ _ _ _ _ _ _ _ _ _ _ _ _ _ _ _ _ _ _ _ _ _ _ _ _ _ _ _ _
src\battle.py:303: in add_player
    team.check_resend(player_id)
_ _ _ _ _ _ _ _ _ _ _ _ _ _ _ _ _ _ _ _ _ _ _ _ _ _ _ _ _ _ _ _ _ _ _ _ _ _ _ _

self = Team(name='Team 2', num_players=5, stocks=12, players=[Player(name='Player 2', team_name='Team 2', taken=0, left=0, ch...0>, id=0)], leader={'Player 2'}, current_player=None, ext_used=False, replaced=set(), difficulty=<Difficulty.UNSET: 4>)
player_id = 0

    def check_resend(self, player_id: id):
        if len(self.players) >= 4:
            return
        for player in self.players:
            if player_id == player.id and player.name not in self.replaced:
>               raise StateError(None,
                                 f'{self.name} has only played {len(self.players)} unique players and must send '
                                 f' at least 4 unique players before resending someone.')
E               src.battle.StateError: (None, 'Team 2 has only played 1 unique players and must send  at least 4 unique players before resending someone.')

src\battle.py:99: StateError
___________________ BattleInternalTest.test_replace_current ___________________

self = <test_battle.BattleInternalTest testMethod=test_replace_current>

    def test_replace_current(self):
>       self.battle.replace_player(TEAM1_NAME, PLAYER2_NAME, leader=PLAYER1_NAME)

tests\test_battle.py:124: 
_ _ _ _ _ _ _ _ _ _ _ _ _ _ _ _ _ _ _ _ _ _ _ _ _ _ _ _ _ _ _ _ _ _ _ _ _ _ _ _
src\battle.py:341: in replace_player
    team.check_resend(player_id)
_ _ _ _ _ _ _ _ _ _ _ _ _ _ _ _ _ _ _ _ _ _ _ _ _ _ _ _ _ _ _ _ _ _ _ _ _ _ _ _

self = Team(name='Team 1', num_players=5, stocks=15, players=[Player(name='Player 1', team_name='Team 1', taken=0, left=3, ch...acter.Character object at 0x000001F72C029BB0>, id=0), ext_used=False, replaced=set(), difficulty=<Difficulty.UNSET: 4>)
player_id = 0

    def check_resend(self, player_id: id):
        if len(self.players) >= 4:
            return
        for player in self.players:
            if player_id == player.id and player.name not in self.replaced:
>               raise StateError(None,
                                 f'{self.name} has only played {len(self.players)} unique players and must send '
                                 f' at least 4 unique players before resending someone.')
E               src.battle.StateError: (None, 'Team 1 has only played 1 unique players and must send  at least 4 unique players before resending someone.')

src\battle.py:99: StateError
___________ BattleInternalTest.test_resize_under_current_size_fails ___________

self = <test_battle.BattleInternalTest testMethod=test_resize_under_current_size_fails>

    def test_resize_under_current_size_fails(self):
        with self.assertRaises(StateError):
            self.battle.resize(0)
        match1 = Match(PLAYER1_WITH_CHAR, PLAYER2_WITH_CHAR, 3, 0, 1)
        self.battle.finish_match(3, 0, Chars[0], Chars[1])
>       self.battle.add_player(TEAM2_NAME, player_name=Players[2].name, leader=PLAYER2_NAME)

tests\test_battle.py:150: 
_ _ _ _ _ _ _ _ _ _ _ _ _ _ _ _ _ _ _ _ _ _ _ _ _ _ _ _ _ _ _ _ _ _ _ _ _ _ _ _
src\battle.py:303: in add_player
    team.check_resend(player_id)
_ _ _ _ _ _ _ _ _ _ _ _ _ _ _ _ _ _ _ _ _ _ _ _ _ _ _ _ _ _ _ _ _ _ _ _ _ _ _ _

self = Team(name='Team 2', num_players=5, stocks=12, players=[Player(name='Player 2', team_name='Team 2', taken=0, left=0, ch...0>, id=0)], leader={'Player 2'}, current_player=None, ext_used=False, replaced=set(), difficulty=<Difficulty.UNSET: 4>)
player_id = 0

    def check_resend(self, player_id: id):
        if len(self.players) >= 4:
            return
        for player in self.players:
            if player_id == player.id and player.name not in self.replaced:
>               raise StateError(None,
                                 f'{self.name} has only played {len(self.players)} unique players and must send '
                                 f' at least 4 unique players before resending someone.')
E               src.battle.StateError: (None, 'Team 2 has only played 1 unique players and must send  at least 4 unique players before resending someone.')

src\battle.py:99: StateError
________________________ BattleBigTest.test_big_battle ________________________

self = <test_battle.BattleBigTest testMethod=test_big_battle>

    def test_big_battle(self):
        battle = Battle(TEAM1_NAME, TEAM2_NAME, 7)
        battle.add_player(team_name=TEAM1_NAME, player_name=Players[0].name, leader=PLAYER1_NAME)
        battle.add_player(team_name=TEAM2_NAME, player_name=Players[7].name, leader=PLAYER2_NAME)
        battle.finish_match(3, 2, Chars[0], Chars[7])
        print(battle)
>       battle.add_player(team_name=TEAM2_NAME, player_name=Players[8].name, leader=PLAYER2_NAME)

tests\test_battle.py:214: 
_ _ _ _ _ _ _ _ _ _ _ _ _ _ _ _ _ _ _ _ _ _ _ _ _ _ _ _ _ _ _ _ _ _ _ _ _ _ _ _
src\battle.py:303: in add_player
    team.check_resend(player_id)
_ _ _ _ _ _ _ _ _ _ _ _ _ _ _ _ _ _ _ _ _ _ _ _ _ _ _ _ _ _ _ _ _ _ _ _ _ _ _ _

self = Team(name='Team 2', num_players=7, stocks=18, players=[Player(name='Player 7', team_name='Team 2', taken=2, left=0, ch...0>, id=0)], leader={'Player 2'}, current_player=None, ext_used=False, replaced=set(), difficulty=<Difficulty.UNSET: 4>)
player_id = 0

    def check_resend(self, player_id: id):
        if len(self.players) >= 4:
            return
        for player in self.players:
            if player_id == player.id and player.name not in self.replaced:
>               raise StateError(None,
                                 f'{self.name} has only played {len(self.players)} unique players and must send '
                                 f' at least 4 unique players before resending someone.')
E               src.battle.StateError: (None, 'Team 2 has only played 1 unique players and must send  at least 4 unique players before resending someone.')

src\battle.py:99: StateError
---------------------------- Captured stdout call -----------------------------
Team 1 vs Team 2
7 vs 7 Arcade Crew battle
----------------------------------------------
**[banjo_and_kazooie]Player 0 (3)** <a:vs:775901296171155456> (2) Player 7 [clouds]
Current score: Player 0 banjo_and_kazooie 1 stocks - Waiting
______________________ HelpersTest.test_channel_from_key ______________________

self = <test_helpers.HelpersTest testMethod=test_channel_from_key>

    def test_channel_from_key(self):
        test_key = 'aaaa|bbbbb'
>       self.assertEqual(channel_from_key(test_key), 'bbbbb')
                         ^^^^^^^^^^^^^^^^
E       NameError: name 'channel_from_key' is not defined

tests\test_helpers.py:11: NameError
__________________ HelpersTest.test_crew [On overflow crew.] __________________

self = <test_helpers.HelpersTest testMethod=test_crew>

    def test_crew(self):
        member = mocks.MockMember(name='Steve', id=int('4' * 17))
        hk = mocks.HK
        role = mocks.MockRole(name=hk.name)
        bot = mocks.MockSSB(cache=mocks.cache())
        with self.subTest('Not on a crew.'):
            member.roles = []
            with self.assertRaises(Exception):
                crew(member, bot)
        with self.subTest('On a crew.'):
            member.roles = [role]
            self.assertEqual(hk.name, crew(member, bot))
        with self.subTest('On overflow crew.'):
            member.roles = [bot.cache.roles.overflow]
            of_member = mocks.MockMember(name='Steve', id=int('4' * 17), roles=[mocks.ballers_role])
            bot.cache.overflow_server.members.append(of_member)
>           self.assertEqual(mocks.Ballers.name, crew(member, bot))
                                                 ^^^^^^^^^^^^^^^^^

tests\test_helpers.py:103: 
_ _ _ _ _ _ _ _ _ _ _ _ _ _ _ _ _ _ _ _ _ _ _ _ _ _ _ _ _ _ _ _ _ _ _ _ _ _ _ _

user = <MockMember spec_set='Member' id='2161716969648'>
bot = <MockSSB spec_set='ScoreSheetBot' id='2161716973248'>

    def crew(user: discord.Member, bot: 'ScoreSheetBot') -> Optional[str]:
        roles = user.roles
        if any((role.name == OVERFLOW_ROLE for role in roles)):
>           overflow_user = discord.utils.get(bot.bot.guilds, name=OVERFLOW_SERVER).get_member(user.id)
                            ^^^^^^^^^^^^^^^^^^^^^^^^^^^^^^^^^^^^^^^^^^^^^^^^^^^^^^^^^^^^^^^^^^
E           AttributeError: 'coroutine' object has no attribute 'get_member'

src\helpers.py:163: AttributeError
______________ HelpersTest.test_flair [Free Agent non overflow.] ______________

self = <test_helpers.HelpersTest testMethod=test_flair>

    async def test_flair(self):
        bot = mocks.MockSSB(cache=mocks.cache())
        bob = mocks.MockMember(name='bob', id=1)
        with self.subTest('True Locked'):
            bob.roles = [mocks.MockRole(name=TRUE_LOCKED)]
            with self.assertRaises(ValueError) as ve:
                await flair(bob, mocks.HK, bot)
            self.assertEqual(str(ve.exception),
                             f'{bob.mention} cannot be flaired because they are {TRUE_LOCKED}.')
        with self.subTest('Join CD'):
            bob.roles = [mocks.MockRole(name=JOIN_CD)]
            with self.assertRaises(ValueError) as ve:
                await flair(bob, mocks.HK, bot)
            self.assertEqual(str(ve.exception),
                             f'{bob.mention} cannot be flaired because they have {JOIN_CD}.')
        with self.subTest('Free Agent non overflow.'):
            bob.roles = [bot.cache.roles.free_agent]
>           await flair(bob, mocks.HK, bot)

tests\test_helpers.py:279: 
_ _ _ _ _ _ _ _ _ _ _ _ _ _ _ _ _ _ _ _ _ _ _ _ _ _ _ _ _ _ _ _ _ _ _ _ _ _ _ _

member = <MockMember spec_set='Member' id='2161723120944'>
flairing_crew = Crew(name='Holy Knights', abbr='HK', social='', trinity_rating=0, rank=0, current_destiny=0, destiny_opponent='', memb...'', last_match=None, leader_ids=[], db_id=0, ranking=0, total_crews=0, destiny_opt_out=False, hardcap=0, crew_staff=[])
bot = <MockSSB spec_set='ScoreSheetBot' id='2161723116432'>, staff = False
reg = False

    async def flair(member: discord.Member, flairing_crew: Crew, bot: 'ScoreSheetBot', staff: bool = False,
                    reg: Optional[bool] = False):
        if check_roles(member, [TRUE_LOCKED]):
            raise ValueError(f'{member.mention} cannot be flaired because they are {TRUE_LOCKED}.')
    
        if check_roles(member, [JOIN_CD]):
            raise ValueError(f'{member.mention} cannot be flaired because they have {JOIN_CD}.')
        if not check_roles(member, [VERIFIED]):
>           raise ValueError(f'{member.mention} does not have the DC Verified role. '
                             f'They can verify by typing `/verify` in any channel and then clicking the '
                             f'"Click me to verify!" link in the Double Counter dm.')
E           ValueError: <@!1> does not have the DC Verified role. They can verify by typing `/verify` in any channel and then clicking the "Click me to verify!" link in the Double Counter dm.

src\helpers.py:302: ValueError
_______________ HelpersTest.test_flair [Track 2 non overflow.] ________________

self = <test_helpers.HelpersTest testMethod=test_flair>

    async def test_flair(self):
        bot = mocks.MockSSB(cache=mocks.cache())
        bob = mocks.MockMember(name='bob', id=1)
        with self.subTest('True Locked'):
            bob.roles = [mocks.MockRole(name=TRUE_LOCKED)]
            with self.assertRaises(ValueError) as ve:
                await flair(bob, mocks.HK, bot)
            self.assertEqual(str(ve.exception),
                             f'{bob.mention} cannot be flaired because they are {TRUE_LOCKED}.')
        with self.subTest('Join CD'):
            bob.roles = [mocks.MockRole(name=JOIN_CD)]
            with self.assertRaises(ValueError) as ve:
                await flair(bob, mocks.HK, bot)
            self.assertEqual(str(ve.exception),
                             f'{bob.mention} cannot be flaired because they have {JOIN_CD}.')
        with self.subTest('Free Agent non overflow.'):
            bob.roles = [bot.cache.roles.free_agent]
            await flair(bob, mocks.HK, bot)
            after = set(bob.roles)
            expected = {mocks.hk_role, bot.cache.roles.join_cd}
            self.assertEqual(expected, after)
        with self.subTest('Track 2 non overflow.'):
            bob.roles = [bot.cache.roles.track3]
>           await flair(bob, mocks.HK, bot)

tests\test_helpers.py:285: 
_ _ _ _ _ _ _ _ _ _ _ _ _ _ _ _ _ _ _ _ _ _ _ _ _ _ _ _ _ _ _ _ _ _ _ _ _ _ _ _

member = <MockMember spec_set='Member' id='2161723120944'>
flairing_crew = Crew(name='Holy Knights', abbr='HK', social='', trinity_rating=0, rank=0, current_destiny=0, destiny_opponent='', memb...'', last_match=None, leader_ids=[], db_id=0, ranking=0, total_crews=0, destiny_opt_out=False, hardcap=0, crew_staff=[])
bot = <MockSSB spec_set='ScoreSheetBot' id='2161723116432'>, staff = False
reg = False

    async def flair(member: discord.Member, flairing_crew: Crew, bot: 'ScoreSheetBot', staff: bool = False,
                    reg: Optional[bool] = False):
        if check_roles(member, [TRUE_LOCKED]):
            raise ValueError(f'{member.mention} cannot be flaired because they are {TRUE_LOCKED}.')
    
        if check_roles(member, [JOIN_CD]):
            raise ValueError(f'{member.mention} cannot be flaired because they have {JOIN_CD}.')
        if not check_roles(member, [VERIFIED]):
>           raise ValueError(f'{member.mention} does not have the DC Verified role. '
                             f'They can verify by typing `/verify` in any channel and then clicking the '
                             f'"Click me to verify!" link in the Double Counter dm.')
E           ValueError: <@!1> does not have the DC Verified role. They can verify by typing `/verify` in any channel and then clicking the "Click me to verify!" link in the Double Counter dm.

src\helpers.py:302: ValueError
_____________________ HelpersTest.test_flair [Overflow.] ______________________

self = <test_helpers.HelpersTest testMethod=test_flair>

    async def test_flair(self):
        bot = mocks.MockSSB(cache=mocks.cache())
        bob = mocks.MockMember(name='bob', id=1)
        with self.subTest('True Locked'):
            bob.roles = [mocks.MockRole(name=TRUE_LOCKED)]
            with self.assertRaises(ValueError) as ve:
                await flair(bob, mocks.HK, bot)
            self.assertEqual(str(ve.exception),
                             f'{bob.mention} cannot be flaired because they are {TRUE_LOCKED}.')
        with self.subTest('Join CD'):
            bob.roles = [mocks.MockRole(name=JOIN_CD)]
            with self.assertRaises(ValueError) as ve:
                await flair(bob, mocks.HK, bot)
            self.assertEqual(str(ve.exception),
                             f'{bob.mention} cannot be flaired because they have {JOIN_CD}.')
        with self.subTest('Free Agent non overflow.'):
            bob.roles = [bot.cache.roles.free_agent]
            await flair(bob, mocks.HK, bot)
            after = set(bob.roles)
            expected = {mocks.hk_role, bot.cache.roles.join_cd}
            self.assertEqual(expected, after)
        with self.subTest('Track 2 non overflow.'):
            bob.roles = [bot.cache.roles.track3]
            await flair(bob, mocks.HK, bot)
            after = set(bob.roles)
            expected = {mocks.hk_role, bot.cache.roles.join_cd, bot.cache.roles.true_locked}
            self.assertEqual(expected, after)
        with self.subTest('Overflow.'):
            overflow_bob = mocks.MockMember(name='bob', id=1)
            bob.roles = [bot.cache.roles.overflow]
            bot.cache.overflow_server.members = [overflow_bob]
>           await flair(bob, mocks.Ballers, bot)

tests\test_helpers.py:293: 
_ _ _ _ _ _ _ _ _ _ _ _ _ _ _ _ _ _ _ _ _ _ _ _ _ _ _ _ _ _ _ _ _ _ _ _ _ _ _ _

member = <MockMember spec_set='Member' id='2161723120944'>
flairing_crew = Crew(name='Ballers', abbr='BAL', social='', trinity_rating=0, rank=0, current_destiny=0, destiny_opponent='', member_c...'', last_match=None, leader_ids=[], db_id=0, ranking=0, total_crews=0, destiny_opt_out=False, hardcap=0, crew_staff=[])
bot = <MockSSB spec_set='ScoreSheetBot' id='2161723116432'>, staff = False
reg = False

    async def flair(member: discord.Member, flairing_crew: Crew, bot: 'ScoreSheetBot', staff: bool = False,
                    reg: Optional[bool] = False):
        if check_roles(member, [TRUE_LOCKED]):
            raise ValueError(f'{member.mention} cannot be flaired because they are {TRUE_LOCKED}.')
    
        if check_roles(member, [JOIN_CD]):
            raise ValueError(f'{member.mention} cannot be flaired because they have {JOIN_CD}.')
        if not check_roles(member, [VERIFIED]):
>           raise ValueError(f'{member.mention} does not have the DC Verified role. '
                             f'They can verify by typing `/verify` in any channel and then clicking the '
                             f'"Click me to verify!" link in the Double Counter dm.')
E           ValueError: <@!1> does not have the DC Verified role. They can verify by typing `/verify` in any channel and then clicking the "Click me to verify!" link in the Double Counter dm.

src\helpers.py:302: ValueError
_________________________ HelpersTest.test_key_string _________________________

self = <test_helpers.HelpersTest testMethod=test_key_string>

    def test_key_string(self):
>       ctx = mocks.MockContext()
              ^^^^^^^^^^^^^^^^^^^

tests\test_helpers.py:14: 
_ _ _ _ _ _ _ _ _ _ _ _ _ _ _ _ _ _ _ _ _ _ _ _ _ _ _ _ _ _ _ _ _ _ _ _ _ _ _ _
tests\mocks.py:400: in __init__
    super().__init__(**kwargs)
tests\mocks.py:74: in __init__
    super().__init__(spec_set=self.spec_set, **kwargs)
C:\Users\Owner\AppData\Local\Programs\Python\Python312\Lib\unittest\mock.py:2118: in __init__
    _safe_super(MagicMixin, self).__init__(*args, **kw)
C:\Users\Owner\AppData\Local\Programs\Python\Python312\Lib\unittest\mock.py:1116: in __init__
    _safe_super(CallableMixin, self).__init__(
C:\Users\Owner\AppData\Local\Programs\Python\Python312\Lib\unittest\mock.py:460: in __init__
    self._mock_add_spec(spec, spec_set, _spec_as_instance, _eat_self)
C:\Users\Owner\AppData\Local\Programs\Python\Python312\Lib\unittest\mock.py:529: in _mock_add_spec
    if iscoroutinefunction(getattr(spec, attr, None)):
                           ^^^^^^^^^^^^^^^^^^^^^^^^^
_ _ _ _ _ _ _ _ _ _ _ _ _ _ _ _ _ _ _ _ _ _ _ _ _ _ _ _ _ _ _ _ _ _ _ _ _ _ _ _

self = <discord.ext.commands.context.Context object at 0x000001F7504332F0>

    @property
    def clean_prefix(self) -> str:
        """:class:`str`: The cleaned up invoke prefix. i.e. mentions are ``@name`` instead of ``<@id>``.
    
        .. versionadded:: 2.0
        """
        if self.prefix is None:
            return ''
    
        user = self.me
        # this breaks if the prefix mention is not the bot itself but I
        # consider this to be an *incredibly* strange use case. I'd rather go
        # for this common use case rather than waste performance for the
        # odd one.
        pattern = re.compile(r'<@!?%s>' % user.id)
>       return pattern.sub('@%s' % user.display_name.replace('\\', r'\\'), self.prefix)
               ^^^^^^^^^^^^^^^^^^^^^^^^^^^^^^^^^^^^^^^^^^^^^^^^^^^^^^^^^^^^^^^^^^^^^^^^
E       TypeError: expected string or bytes-like object, got 'MagicMock'

C:\Users\Owner\.virtualenvs\scoresheetbot-QhaK6dOh\Lib\site-packages\discord\ext\commands\context.py:430: TypeError
________ DiscordMocksTests.test_mock_allows_access_to_attributes_test _________

self = <test_mocks.DiscordMocksTests testMethod=test_mock_allows_access_to_attributes_test>
mock_getattr = <MagicMock name='getattr' id='2161722156112'>
mock_subtest = <MagicMock name='subTest' id='2161723583344'>

    @unittest.mock.patch(f'{__name__}.DiscordMocksTests.subTest')
    @unittest.mock.patch(f'{__name__}.getattr')
    def test_mock_allows_access_to_attributes_test(self, mock_getattr, mock_subtest):
        """The valid attribute test should raise an AssertionError after an AttributeError."""
        mock_getattr.side_effect = AttributeError
    
        msg = "accessing valid attribute `name` raised an AttributeError"
        with self.assertRaises(AssertionError, msg=msg):
>           self.test_mocks_allows_access_to_attributes_part_of_spec()

tests\test_mocks.py:171: 
_ _ _ _ _ _ _ _ _ _ _ _ _ _ _ _ _ _ _ _ _ _ _ _ _ _ _ _ _ _ _ _ _ _ _ _ _ _ _ _
tests\test_mocks.py:150: in test_mocks_allows_access_to_attributes_part_of_spec
    (mocks.MockContext(), 'invoked_with'),
     ^^^^^^^^^^^^^^^^^^^
tests\mocks.py:400: in __init__
    super().__init__(**kwargs)
tests\mocks.py:74: in __init__
    super().__init__(spec_set=self.spec_set, **kwargs)
C:\Users\Owner\AppData\Local\Programs\Python\Python312\Lib\unittest\mock.py:2118: in __init__
    _safe_super(MagicMixin, self).__init__(*args, **kw)
C:\Users\Owner\AppData\Local\Programs\Python\Python312\Lib\unittest\mock.py:1116: in __init__
    _safe_super(CallableMixin, self).__init__(
C:\Users\Owner\AppData\Local\Programs\Python\Python312\Lib\unittest\mock.py:460: in __init__
    self._mock_add_spec(spec, spec_set, _spec_as_instance, _eat_self)
C:\Users\Owner\AppData\Local\Programs\Python\Python312\Lib\unittest\mock.py:529: in _mock_add_spec
    if iscoroutinefunction(getattr(spec, attr, None)):
                           ^^^^^^^^^^^^^^^^^^^^^^^^^
_ _ _ _ _ _ _ _ _ _ _ _ _ _ _ _ _ _ _ _ _ _ _ _ _ _ _ _ _ _ _ _ _ _ _ _ _ _ _ _

    @property
    def clean_prefix(self) -> str:
        """:class:`str`: The cleaned up invoke prefix. i.e. mentions are ``@name`` instead of ``<@id>``.
    
        .. versionadded:: 2.0
        """
        if self.prefix is None:
            return ''
    
        user = self.me
        # this breaks if the prefix mention is not the bot itself but I
        # consider this to be an *incredibly* strange use case. I'd rather go
        # for this common use case rather than waste performance for the
        # odd one.
        pattern = re.compile(r'<@!?%s>' % user.id)
>       return pattern.sub('@%s' % user.display_name.replace('\\', r'\\'), self.prefix)
               ^^^^^^^^^^^^^^^^^^^^^^^^^^^^^^^^^^^^^^^^^^^^^^^^^^^^^^^^^^^^^^^^^^^^^^^^
E       TypeError: expected string or bytes-like object, got 'MagicMock'

C:\Users\Owner\.virtualenvs\scoresheetbot-QhaK6dOh\Lib\site-packages\discord\ext\commands\context.py:430: TypeError
_________ DiscordMocksTests.test_mock_context_default_initialization __________

self = <test_mocks.DiscordMocksTests testMethod=test_mock_context_default_initialization>

    def test_mock_context_default_initialization(self):
        """Tests if MockContext initializes with the correct values."""
>       context = mocks.MockContext()
                  ^^^^^^^^^^^^^^^^^^^

tests\test_mocks.py:134: 
_ _ _ _ _ _ _ _ _ _ _ _ _ _ _ _ _ _ _ _ _ _ _ _ _ _ _ _ _ _ _ _ _ _ _ _ _ _ _ _
tests\mocks.py:400: in __init__
    super().__init__(**kwargs)
tests\mocks.py:74: in __init__
    super().__init__(spec_set=self.spec_set, **kwargs)
C:\Users\Owner\AppData\Local\Programs\Python\Python312\Lib\unittest\mock.py:2118: in __init__
    _safe_super(MagicMixin, self).__init__(*args, **kw)
C:\Users\Owner\AppData\Local\Programs\Python\Python312\Lib\unittest\mock.py:1116: in __init__
    _safe_super(CallableMixin, self).__init__(
C:\Users\Owner\AppData\Local\Programs\Python\Python312\Lib\unittest\mock.py:460: in __init__
    self._mock_add_spec(spec, spec_set, _spec_as_instance, _eat_self)
C:\Users\Owner\AppData\Local\Programs\Python\Python312\Lib\unittest\mock.py:529: in _mock_add_spec
    if iscoroutinefunction(getattr(spec, attr, None)):
                           ^^^^^^^^^^^^^^^^^^^^^^^^^
_ _ _ _ _ _ _ _ _ _ _ _ _ _ _ _ _ _ _ _ _ _ _ _ _ _ _ _ _ _ _ _ _ _ _ _ _ _ _ _

self = <discord.ext.commands.context.Context object at 0x000001F7504332F0>

    @property
    def clean_prefix(self) -> str:
        """:class:`str`: The cleaned up invoke prefix. i.e. mentions are ``@name`` instead of ``<@id>``.
    
        .. versionadded:: 2.0
        """
        if self.prefix is None:
            return ''
    
        user = self.me
        # this breaks if the prefix mention is not the bot itself but I
        # consider this to be an *incredibly* strange use case. I'd rather go
        # for this common use case rather than waste performance for the
        # odd one.
        pattern = re.compile(r'<@!?%s>' % user.id)
>       return pattern.sub('@%s' % user.display_name.replace('\\', r'\\'), self.prefix)
               ^^^^^^^^^^^^^^^^^^^^^^^^^^^^^^^^^^^^^^^^^^^^^^^^^^^^^^^^^^^^^^^^^^^^^^^^
E       TypeError: expected string or bytes-like object, got 'MagicMock'

C:\Users\Owner\.virtualenvs\scoresheetbot-QhaK6dOh\Lib\site-packages\discord\ext\commands\context.py:430: TypeError
____ DiscordMocksTests.test_mocks_allows_access_to_attributes_part_of_spec ____

self = <test_mocks.DiscordMocksTests testMethod=test_mocks_allows_access_to_attributes_part_of_spec>

    def test_mocks_allows_access_to_attributes_part_of_spec(self):
        """Accessing attributes that are valid for the objects they mock should succeed."""
        mock_tuple = (
            (mocks.MockGuild(), 'name'),
            (mocks.MockRole(), 'hoist'),
            (mocks.MockMember(), 'display_name'),
            (mocks.MockBot(), 'user'),
>           (mocks.MockContext(), 'invoked_with'),
             ^^^^^^^^^^^^^^^^^^^
            (mocks.MockTextChannel(), 'last_message'),
            (mocks.MockMessage(), 'mention_everyone'),
        )

tests\test_mocks.py:150: 
_ _ _ _ _ _ _ _ _ _ _ _ _ _ _ _ _ _ _ _ _ _ _ _ _ _ _ _ _ _ _ _ _ _ _ _ _ _ _ _
tests\mocks.py:400: in __init__
    super().__init__(**kwargs)
tests\mocks.py:74: in __init__
    super().__init__(spec_set=self.spec_set, **kwargs)
C:\Users\Owner\AppData\Local\Programs\Python\Python312\Lib\unittest\mock.py:2118: in __init__
    _safe_super(MagicMixin, self).__init__(*args, **kw)
C:\Users\Owner\AppData\Local\Programs\Python\Python312\Lib\unittest\mock.py:1116: in __init__
    _safe_super(CallableMixin, self).__init__(
C:\Users\Owner\AppData\Local\Programs\Python\Python312\Lib\unittest\mock.py:460: in __init__
    self._mock_add_spec(spec, spec_set, _spec_as_instance, _eat_self)
C:\Users\Owner\AppData\Local\Programs\Python\Python312\Lib\unittest\mock.py:529: in _mock_add_spec
    if iscoroutinefunction(getattr(spec, attr, None)):
                           ^^^^^^^^^^^^^^^^^^^^^^^^^
_ _ _ _ _ _ _ _ _ _ _ _ _ _ _ _ _ _ _ _ _ _ _ _ _ _ _ _ _ _ _ _ _ _ _ _ _ _ _ _

self = <discord.ext.commands.context.Context object at 0x000001F7504332F0>

    @property
    def clean_prefix(self) -> str:
        """:class:`str`: The cleaned up invoke prefix. i.e. mentions are ``@name`` instead of ``<@id>``.
    
        .. versionadded:: 2.0
        """
        if self.prefix is None:
            return ''
    
        user = self.me
        # this breaks if the prefix mention is not the bot itself but I
        # consider this to be an *incredibly* strange use case. I'd rather go
        # for this common use case rather than waste performance for the
        # odd one.
        pattern = re.compile(r'<@!?%s>' % user.id)
>       return pattern.sub('@%s' % user.display_name.replace('\\', r'\\'), self.prefix)
               ^^^^^^^^^^^^^^^^^^^^^^^^^^^^^^^^^^^^^^^^^^^^^^^^^^^^^^^^^^^^^^^^^^^^^^^^
E       TypeError: expected string or bytes-like object, got 'MagicMock'

C:\Users\Owner\.virtualenvs\scoresheetbot-QhaK6dOh\Lib\site-packages\discord\ext\commands\context.py:430: TypeError
_ DiscordMocksTests.test_mocks_rejects_access_to_attributes_not_part_of_spec __

self = <test_mocks.DiscordMocksTests testMethod=test_mocks_rejects_access_to_attributes_not_part_of_spec>

    def test_mocks_rejects_access_to_attributes_not_part_of_spec(self):
        """Accessing attributes that are invalid for the objects they mock should fail."""
        mock_tuple = (
            mocks.MockGuild(),
            mocks.MockRole(),
            mocks.MockMember(),
            mocks.MockBot(),
>           mocks.MockContext(),
            ^^^^^^^^^^^^^^^^^^^
            mocks.MockTextChannel(),
            mocks.MockMessage(),
        )

tests\test_mocks.py:180: 
_ _ _ _ _ _ _ _ _ _ _ _ _ _ _ _ _ _ _ _ _ _ _ _ _ _ _ _ _ _ _ _ _ _ _ _ _ _ _ _
tests\mocks.py:400: in __init__
    super().__init__(**kwargs)
tests\mocks.py:74: in __init__
    super().__init__(spec_set=self.spec_set, **kwargs)
C:\Users\Owner\AppData\Local\Programs\Python\Python312\Lib\unittest\mock.py:2118: in __init__
    _safe_super(MagicMixin, self).__init__(*args, **kw)
C:\Users\Owner\AppData\Local\Programs\Python\Python312\Lib\unittest\mock.py:1116: in __init__
    _safe_super(CallableMixin, self).__init__(
C:\Users\Owner\AppData\Local\Programs\Python\Python312\Lib\unittest\mock.py:460: in __init__
    self._mock_add_spec(spec, spec_set, _spec_as_instance, _eat_self)
C:\Users\Owner\AppData\Local\Programs\Python\Python312\Lib\unittest\mock.py:529: in _mock_add_spec
    if iscoroutinefunction(getattr(spec, attr, None)):
                           ^^^^^^^^^^^^^^^^^^^^^^^^^
_ _ _ _ _ _ _ _ _ _ _ _ _ _ _ _ _ _ _ _ _ _ _ _ _ _ _ _ _ _ _ _ _ _ _ _ _ _ _ _

self = <discord.ext.commands.context.Context object at 0x000001F7504332F0>

    @property
    def clean_prefix(self) -> str:
        """:class:`str`: The cleaned up invoke prefix. i.e. mentions are ``@name`` instead of ``<@id>``.
    
        .. versionadded:: 2.0
        """
        if self.prefix is None:
            return ''
    
        user = self.me
        # this breaks if the prefix mention is not the bot itself but I
        # consider this to be an *incredibly* strange use case. I'd rather go
        # for this common use case rather than waste performance for the
        # odd one.
        pattern = re.compile(r'<@!?%s>' % user.id)
>       return pattern.sub('@%s' % user.display_name.replace('\\', r'\\'), self.prefix)
               ^^^^^^^^^^^^^^^^^^^^^^^^^^^^^^^^^^^^^^^^^^^^^^^^^^^^^^^^^^^^^^^^^^^^^^^^
E       TypeError: expected string or bytes-like object, got 'MagicMock'

C:\Users\Owner\.virtualenvs\scoresheetbot-QhaK6dOh\Lib\site-packages\discord\ext\commands\context.py:430: TypeError
__ DiscordMocksTests.test_user_mock_uses_explicitly_passed_mention_attribute __

self = <test_mocks.DiscordMocksTests testMethod=test_user_mock_uses_explicitly_passed_mention_attribute>

    def test_user_mock_uses_explicitly_passed_mention_attribute(self):
        """MockUser should use an explicitly passed value for user.mention."""
>       user = mocks.MockUser(mention="hello")
               ^^^^^^^^^^^^^^^^^^^^^^^^^^^^^^^

tests\test_mocks.py:205: 
_ _ _ _ _ _ _ _ _ _ _ _ _ _ _ _ _ _ _ _ _ _ _ _ _ _ _ _ _ _ _ _ _ _ _ _ _ _ _ _
tests\mocks.py:280: in __init__
    super().__init__(**collections.ChainMap(kwargs, default_kwargs))
tests\mocks.py:74: in __init__
    super().__init__(spec_set=self.spec_set, **kwargs)
C:\Users\Owner\AppData\Local\Programs\Python\Python312\Lib\unittest\mock.py:1116: in __init__
    _safe_super(CallableMixin, self).__init__(
C:\Users\Owner\AppData\Local\Programs\Python\Python312\Lib\unittest\mock.py:460: in __init__
    self._mock_add_spec(spec, spec_set, _spec_as_instance, _eat_self)
C:\Users\Owner\AppData\Local\Programs\Python\Python312\Lib\unittest\mock.py:529: in _mock_add_spec
    if iscoroutinefunction(getattr(spec, attr, None)):
                           ^^^^^^^^^^^^^^^^^^^^^^^^^
C:\Users\Owner\.virtualenvs\scoresheetbot-QhaK6dOh\Lib\site-packages\discord\user.py:279: in accent_color
    return self.accent_colour
           ^^^^^^^^^^^^^^^^^^
C:\Users\Owner\.virtualenvs\scoresheetbot-QhaK6dOh\Lib\site-packages\discord\user.py:262: in accent_colour
    return Colour(self._accent_colour)
           ^^^^^^^^^^^^^^^^^^^^^^^^^^^
_ _ _ _ _ _ _ _ _ _ _ _ _ _ _ _ _ _ _ _ _ _ _ _ _ _ _ _ _ _ _ _ _ _ _ _ _ _ _ _

self = <[AttributeError("'Colour' object has no attribute 'value'") raised in repr()] Colour object at 0x1f750995660>
value = <MagicMock name='mock.get()' id='2161714764672'>

    def __init__(self, value: int):
        if not isinstance(value, int):
>           raise TypeError(f'Expected int parameter, received {value.__class__.__name__} instead.')
E           TypeError: Expected int parameter, received MagicMock instead.

C:\Users\Owner\.virtualenvs\scoresheetbot-QhaK6dOh\Lib\site-packages\discord\colour.py:123: TypeError
_ MockObjectTests.test_spec_propagation_of_mock_subclasses (mock_type=<class 'tests.mocks.MockGuild'>, attribute='region') _

self = <test_mocks.MockObjectTests testMethod=test_spec_propagation_of_mock_subclasses>

    def test_spec_propagation_of_mock_subclasses(self):
        """Test if the `spec` does not propagate to attributes of the mock object."""
        test_values = (
            (mocks.MockGuild, "region"),
            (mocks.MockRole, "mentionable"),
            (mocks.MockMember, "display_name"),
            (mocks.MockBot, "owner_id"),
            (mocks.MockContext, "command_failed"),
            (mocks.MockMessage, "mention_everyone"),
            (mocks.MockEmoji, 'managed'),
            (mocks.MockPartialEmoji, 'url'),
            (mocks.MockReaction, 'me'),
        )
    
        for mock_type, valid_attribute in test_values:
            with self.subTest(mock_type=mock_type, attribute=valid_attribute):
                mock = mock_type()
                self.assertTrue(isinstance(mock, mock_type))
>               attribute = getattr(mock, valid_attribute)
                            ^^^^^^^^^^^^^^^^^^^^^^^^^^^^^^

tests\test_mocks.py:336: 
_ _ _ _ _ _ _ _ _ _ _ _ _ _ _ _ _ _ _ _ _ _ _ _ _ _ _ _ _ _ _ _ _ _ _ _ _ _ _ _

self = <MockGuild spec_set='Guild' id='2161723575952'>, name = 'region'

    def __getattr__(self, name):
        if name in {'_mock_methods', '_mock_unsafe'}:
            raise AttributeError(name)
        elif self._mock_methods is not None:
            if name not in self._mock_methods or name in _all_magics:
>               raise AttributeError("Mock object has no attribute %r" % name)
E               AttributeError: Mock object has no attribute 'region'

C:\Users\Owner\AppData\Local\Programs\Python\Python312\Lib\unittest\mock.py:658: AttributeError
_ MockObjectTests.test_spec_propagation_of_mock_subclasses (mock_type=<class 'tests.mocks.MockContext'>, attribute='command_failed') _

self = <test_mocks.MockObjectTests testMethod=test_spec_propagation_of_mock_subclasses>

    def test_spec_propagation_of_mock_subclasses(self):
        """Test if the `spec` does not propagate to attributes of the mock object."""
        test_values = (
            (mocks.MockGuild, "region"),
            (mocks.MockRole, "mentionable"),
            (mocks.MockMember, "display_name"),
            (mocks.MockBot, "owner_id"),
            (mocks.MockContext, "command_failed"),
            (mocks.MockMessage, "mention_everyone"),
            (mocks.MockEmoji, 'managed'),
            (mocks.MockPartialEmoji, 'url'),
            (mocks.MockReaction, 'me'),
        )
    
        for mock_type, valid_attribute in test_values:
            with self.subTest(mock_type=mock_type, attribute=valid_attribute):
>               mock = mock_type()
                       ^^^^^^^^^^^

tests\test_mocks.py:334: 
_ _ _ _ _ _ _ _ _ _ _ _ _ _ _ _ _ _ _ _ _ _ _ _ _ _ _ _ _ _ _ _ _ _ _ _ _ _ _ _
tests\mocks.py:400: in __init__
    super().__init__(**kwargs)
tests\mocks.py:74: in __init__
    super().__init__(spec_set=self.spec_set, **kwargs)
C:\Users\Owner\AppData\Local\Programs\Python\Python312\Lib\unittest\mock.py:2118: in __init__
    _safe_super(MagicMixin, self).__init__(*args, **kw)
C:\Users\Owner\AppData\Local\Programs\Python\Python312\Lib\unittest\mock.py:1116: in __init__
    _safe_super(CallableMixin, self).__init__(
C:\Users\Owner\AppData\Local\Programs\Python\Python312\Lib\unittest\mock.py:460: in __init__
    self._mock_add_spec(spec, spec_set, _spec_as_instance, _eat_self)
C:\Users\Owner\AppData\Local\Programs\Python\Python312\Lib\unittest\mock.py:529: in _mock_add_spec
    if iscoroutinefunction(getattr(spec, attr, None)):
                           ^^^^^^^^^^^^^^^^^^^^^^^^^
_ _ _ _ _ _ _ _ _ _ _ _ _ _ _ _ _ _ _ _ _ _ _ _ _ _ _ _ _ _ _ _ _ _ _ _ _ _ _ _

self = <discord.ext.commands.context.Context object at 0x000001F7504332F0>

    @property
    def clean_prefix(self) -> str:
        """:class:`str`: The cleaned up invoke prefix. i.e. mentions are ``@name`` instead of ``<@id>``.
    
        .. versionadded:: 2.0
        """
        if self.prefix is None:
            return ''
    
        user = self.me
        # this breaks if the prefix mention is not the bot itself but I
        # consider this to be an *incredibly* strange use case. I'd rather go
        # for this common use case rather than waste performance for the
        # odd one.
        pattern = re.compile(r'<@!?%s>' % user.id)
>       return pattern.sub('@%s' % user.display_name.replace('\\', r'\\'), self.prefix)
               ^^^^^^^^^^^^^^^^^^^^^^^^^^^^^^^^^^^^^^^^^^^^^^^^^^^^^^^^^^^^^^^^^^^^^^^^
E       TypeError: expected string or bytes-like object, got 'MagicMock'

C:\Users\Owner\.virtualenvs\scoresheetbot-QhaK6dOh\Lib\site-packages\discord\ext\commands\context.py:430: TypeError
============================== warnings summary ===============================
C:\Users\Owner\.virtualenvs\scoresheetbot-QhaK6dOh\Lib\site-packages\discord\player.py:30
  C:\Users\Owner\.virtualenvs\scoresheetbot-QhaK6dOh\Lib\site-packages\discord\player.py:30: DeprecationWarning: 'audioop' is deprecated and slated for removal in Python 3.13
    import audioop

C:\Users\Owner\AppData\Local\Programs\Python\Python312\Lib\unittest\mock.py:529
tests/test_mocks.py::MockObjectTests::test_spec_propagation_of_mock_subclasses
tests/test_mocks.py::MockObjectTests::test_spec_propagation_of_mock_subclasses
  C:\Users\Owner\AppData\Local\Programs\Python\Python312\Lib\unittest\mock.py:529: DeprecationWarning: interaction is deprecated, use interaction_metadata instead.
    if iscoroutinefunction(getattr(spec, attr, None)):

-- Docs: https://docs.pytest.org/en/stable/how-to/capture-warnings.html
=========================== short test summary info ===========================
FAILED tests/test_battle.py::BattleTimerTest::test_1_minute - OSError: [Errno...
FAILED tests/test_battle.py::BattleInternalTest::test_battle_mvps - src.battl...
FAILED tests/test_battle.py::BattleInternalTest::test_double_undo - src.battl...
FAILED tests/test_battle.py::BattleInternalTest::test_replace_current - src.b...
FAILED tests/test_battle.py::BattleInternalTest::test_resize_under_current_size_fails
FAILED tests/test_battle.py::BattleBigTest::test_big_battle - src.battle.Stat...
FAILED tests/test_helpers.py::HelpersTest::test_channel_from_key - NameError:...
SUBFAILED[On overflow crew.] tests/test_helpers.py::HelpersTest::test_crew - ...
SUBFAILED[Free Agent non overflow.] tests/test_helpers.py::HelpersTest::test_flair
SUBFAILED[Track 2 non overflow.] tests/test_helpers.py::HelpersTest::test_flair
SUBFAILED[Overflow.] tests/test_helpers.py::HelpersTest::test_flair - ValueEr...
FAILED tests/test_helpers.py::HelpersTest::test_key_string - TypeError: expec...
FAILED tests/test_mocks.py::DiscordMocksTests::test_mock_allows_access_to_attributes_test
FAILED tests/test_mocks.py::DiscordMocksTests::test_mock_context_default_initialization
FAILED tests/test_mocks.py::DiscordMocksTests::test_mocks_allows_access_to_attributes_part_of_spec
FAILED tests/test_mocks.py::DiscordMocksTests::test_mocks_rejects_access_to_attributes_not_part_of_spec
FAILED tests/test_mocks.py::DiscordMocksTests::test_user_mock_uses_explicitly_passed_mention_attribute
SUBFAILED(mock_type=<class 'tests.mocks.MockGuild'>, attribute='region') tests/test_mocks.py::MockObjectTests::test_spec_propagation_of_mock_subclasses
SUBFAILED(mock_type=<class 'tests.mocks.MockContext'>, attribute='command_failed') tests/test_mocks.py::MockObjectTests::test_spec_propagation_of_mock_subclasses
============ 19 failed, 67 passed, 4 warnings in -62122398869.88s =============
